// Jest Snapshot v1, https://goo.gl/fbAQLP

exports[`Snapshopt Test 1`] = `
<div>
  <div
    className="schedule__img"
  >
    <div
      className="schedule__content"
    >
      <h2>
         We would like to meet you! 
      </h2>
      <p>
        A friendly, no-commitment discussion of what you need in an app so we can help you get clarity, even if you don't build with us!
      </p>
    </div>
  </div>
  <div
    id="schedule_form"
  >
    <div
      className="calendly-inline-widget"
      data-url="https://calendly.com/pivotate/clarify-new-app?hide_event_type_details=1&primary_color=16abbc
 "
      style={
        Object {
          "height": "700px",
          "minWidth": "320px",
        }
      }
    />
  </div>
</div>
`;
