// Jest Snapshot v1, https://goo.gl/fbAQLP

exports[`Snapshopt Test 1`] = `
<div
  className="text-center container full-width"
>
  <div
    style={
      Object {
        "backgroundColor": "#ffffff",
        "borderRadius": "10px",
        "margin": "auto",
        "marginBottom": "100px",
        "marginTop": "100px",
        "maxWidth": "769px",
      }
    }
  >
    <img
      alt="Banner"
      src="https://pivotatestaticassets.com/images/Banner.jpg"
      style={
        Object {
          "width": "100%",
        }
      }
    />
    <p
      style={
        Object {
          "textAlign": "center",
        }
      }
    >
      <br />
      <br />
      <h3
        className="c0"
      >
        Your Meeting is Confirmed! Weâ€™ll be talking soon.
      </h3>
      <h4>
        Check your email for details.
      </h4>
    </p>
  </div>
  <br />
</div>
`;
