// Jest Snapshot v1, https://goo.gl/fbAQLP

exports[`Snapshopt Test 1`] = `
<div
  className="container full-width-sm"
  style={
    Object {
      "marginBottom": "124px",
      "marginTop": "100px",
    }
  }
>
  <div
    className="row"
  >
    <div
      className="contact__wrap text-center"
    >
      <form
        className="contact__form"
        disabled={true}
        onSubmit={[Function]}
        style={
          Object {
            "lineHeight": "1.5",
          }
        }
      >
        <div>
          <h3
            className="headline"
            style={
              Object {
                "marginBottom": "0",
              }
            }
          >
            Get in touch with the 
            <br />
             Pivotate Team!
          </h3>
          <p
            style={
              Object {
                "color": "#777",
                "marginBottom": "2em",
              }
            }
          >
            We're here to help you with any questions you may have.
          </p>
        </div>
        <div>
          <input
            className="contact__input"
            name="name"
            placeholder="Name..."
            required={true}
            type="text"
          />
          <input
            className="contact__input"
            name="from_email"
            placeholder="Email..."
            required={true}
            type="email"
          />
          <textarea
            className="contact__input"
            name="message"
            placeholder="Message..."
            required={true}
            row="5"
          />
          <input
            className="button button--rounded button--yellow"
            style={
              Object {
                "fontSize": "1em",
                "fontWeight": "600",
                "minHeight": " 50px",
                "width": "100%",
              }
            }
            type="submit"
            value="SEND IT"
          />
        </div>
      </form>
    </div>
  </div>
</div>
`;
